


ARM Macro Assembler    Page 1 


    1 00000000                 AREA             SIMPLE_PROG,CODE,READONLY
    2 00000000         
    3 00000000         __main  PROC
    4 00000000                 EXPORT           __main
    5 00000000                 IMPORT           __heap_base
    6 00000000         
    7 00000000         Main_Loop
    8 00000000         
    9 00000000         ;;; report 1 start 3874A25CA5
   10 00000000         
   11 00000000 2082            movs             r0, #0x82
   12 00000002 2123            movs             r1, #0x23
   13 00000004 1840            adds             r0, r0, r1
   14 00000006 490B            ldr              r1, =0x14A257CF
   15 00000008 4A0B            ldr              r2, =0x23D24A8D
   16 0000000A 1889            adds             r1, r1, r2
   17 0000000C         
   18 0000000C         ;;; report 1 end 
   19 0000000C         
   20 0000000C         ;;; report 2 start D2A76B6AFE
   21 0000000C         
   22 0000000C 2221            movs             r2, #0x21
   23 0000000E 2323            movs             r3, #0x23
   24 00000010 1AD2            subs             r2, r2, r3
   25 00000012 F502 7280       add              r2, r2, 0x100
   26 00000016 4B09            ldr              r3, =0xFA7CD5F8
   27 00000018 4C09            ldr              r4, =0x27D56A8D
   28 0000001A EB63 0304       sbc              r3, r3, r4
   29 0000001E         
   30 0000001E         ;;; report 2 end 
   31 0000001E         
   32 0000001E         ;;; report 3 start r6: piliko r4: ipoloipo
   33 0000001E         
   34 0000001E 2408            movs             r4, #0x08
   35 00000020 2503            movs             r5, #0x03
   36 00000022 2600            movs             r6, #0x00
   37 00000024         
   38 00000024         division
   39 00000024 1C76            adds             r6, r6, #0x01
   40 00000026 1B64            subs             r4, r4, r5
   41 00000028 D2FC            bcs              division
   42 0000002A 1E76            subs             r6, r6, #0x01
   43 0000002C 1964            adds             r4, r4, r5
   44 0000002E         ;;; report 3 end 
   45 0000002E         
   46 0000002E E7E7            B                Main_Loop
   47 00000030         
   48 00000030         
   49 00000030         
   50 00000030         
   51 00000030         
   52 00000030         
   53 00000030 4770            BX               R14
   54 00000032                 ENDP
   55 00000032                 END
              00 00 14A257CF 
              23D24A8D 
              FA7CD5F8 
              27D56A8D 



ARM Macro Assembler    Page 2 


Command Line: --debug --xref --diag_suppress=9931 --cpu=Cortex-M4.fp --apcs=int
erwork --depend=.\objects\multiply.d -o.\objects\multiply.o -I.\RTE\_Target_1 -
IC:\Users\Pyrkaulos\AppData\Local\Arm\Packs\ARM\CMSIS\5.5.1\CMSIS\Core\Include 
-IC:\Users\Pyrkaulos\AppData\Local\Arm\Packs\ARM\CMSIS\5.5.1\Device\ARM\ARMCM4\
Include --predefine="__EVAL SETA 1" --predefine="__UVISION_VERSION SETA 527" --
predefine="_RTE_ SETA 1" --predefine="ARMCM4_FP SETA 1" --list=.\listings\multi
ply.lst multiply.s



ARM Macro Assembler    Page 1 Alphabetic symbol ordering
Relocatable symbols

Main_Loop 00000000

Symbol: Main_Loop
   Definitions
      At line 7 in file multiply.s
   Uses
      At line 46 in file multiply.s
Comment: Main_Loop used once
SIMPLE_PROG 00000000

Symbol: SIMPLE_PROG
   Definitions
      At line 1 in file multiply.s
   Uses
      None
Comment: SIMPLE_PROG unused
__main 00000000

Symbol: __main
   Definitions
      At line 3 in file multiply.s
   Uses
      At line 4 in file multiply.s
Comment: __main used once
division 00000024

Symbol: division
   Definitions
      At line 38 in file multiply.s
   Uses
      At line 41 in file multiply.s
Comment: division used once
4 symbols



ARM Macro Assembler    Page 1 Alphabetic symbol ordering
External symbols

__heap_base 00000000

Symbol: __heap_base
   Definitions
      At line 5 in file multiply.s
   Uses
      None
Comment: __heap_base unused
1 symbol
342 symbols in table
